// Jest Snapshot v1, https://goo.gl/fbAQLP

exports[`Login page should display required error while username is invalid 1`] = `
<View>
  <TextInput
    allowFontScaling={true}
    onBlur={[Function]}
    onChangeText={[Function]}
    placeholder="Username"
    rejectResponderTermination={true}
    underlineColorAndroid="transparent"
    value=""
  />
  <Text>
    Username is required!
  </Text>
  <TextInput
    allowFontScaling={true}
    onBlur={[Function]}
    onChangeText={[Function]}
    placeholder="Password"
    rejectResponderTermination={true}
    underlineColorAndroid="transparent"
    value="password"
  />
  <View
    accessibilityRole="button"
    accessibilityState={Object {}}
    accessible={true}
    focusable={true}
    onClick={[Function]}
    onResponderGrant={[Function]}
    onResponderMove={[Function]}
    onResponderRelease={[Function]}
    onResponderTerminate={[Function]}
    onResponderTerminationRequest={[Function]}
    onStartShouldSetResponder={[Function]}
    style={
      Object {
        "opacity": 1,
      }
    }
  >
    <View
      style={
        Array [
          Object {},
        ]
      }
    >
      <Text
        style={
          Array [
            Object {
              "color": "#007AFF",
              "fontSize": 18,
              "margin": 8,
              "textAlign": "center",
            },
          ]
        }
      >
        Submit
      </Text>
    </View>
  </View>
</View>
`;
